// Jest Snapshot v1, https://goo.gl/fbAQLP

exports[`renders correctly and without crashing 1`] = `ShallowWrapper {}`;
